c:\users\tulci\onedrive\pulpit\mentoring\cpp\raytracer\raytracer\x64\debug\vc143.pdb
c:\users\tulci\onedrive\pulpit\mentoring\cpp\raytracer\raytracer\x64\debug\vc143.idb
c:\users\tulci\onedrive\pulpit\mentoring\cpp\raytracer\raytracer\x64\debug\sphere.obj
c:\users\tulci\onedrive\pulpit\mentoring\cpp\raytracer\raytracer\x64\debug\scene.obj
c:\users\tulci\onedrive\pulpit\mentoring\cpp\raytracer\raytracer\x64\debug\raytracer.obj
c:\users\tulci\onedrive\pulpit\mentoring\cpp\raytracer\raytracer\x64\debug\ray.obj
c:\users\tulci\onedrive\pulpit\mentoring\cpp\raytracer\raytracer\x64\debug\math.obj
c:\users\tulci\onedrive\pulpit\mentoring\cpp\raytracer\raytracer\x64\debug\camera.obj
c:\users\tulci\onedrive\pulpit\mentoring\cpp\raytracer\raytracer\x64\debug\material.obj
c:\users\tulci\onedrive\pulpit\mentoring\cpp\raytracer\x64\debug\raytracer.exe
c:\users\tulci\onedrive\pulpit\mentoring\cpp\raytracer\x64\debug\raytracer.pdb
c:\users\tulci\onedrive\pulpit\mentoring\cpp\raytracer\raytracer\x64\debug\raytracer.ilk
c:\users\tulci\onedrive\pulpit\mentoring\cpp\raytracer\raytracer\x64\debug\raytracer.tlog\cl.command.1.tlog
c:\users\tulci\onedrive\pulpit\mentoring\cpp\raytracer\raytracer\x64\debug\raytracer.tlog\cl.items.tlog
c:\users\tulci\onedrive\pulpit\mentoring\cpp\raytracer\raytracer\x64\debug\raytracer.tlog\cl.read.1.tlog
c:\users\tulci\onedrive\pulpit\mentoring\cpp\raytracer\raytracer\x64\debug\raytracer.tlog\cl.write.1.tlog
c:\users\tulci\onedrive\pulpit\mentoring\cpp\raytracer\raytracer\x64\debug\raytracer.tlog\link.command.1.tlog
c:\users\tulci\onedrive\pulpit\mentoring\cpp\raytracer\raytracer\x64\debug\raytracer.tlog\link.read.1.tlog
c:\users\tulci\onedrive\pulpit\mentoring\cpp\raytracer\raytracer\x64\debug\raytracer.tlog\link.secondary.1.tlog
c:\users\tulci\onedrive\pulpit\mentoring\cpp\raytracer\raytracer\x64\debug\raytracer.tlog\link.write.1.tlog
